Archive member included to satisfy reference by file (symbol)

/usr/lib/gcc/arm-none-eabi/14.2.0/thumb/v7e-m/nofp/libgcc.a(_arm_mulsf3.o)
                              CMakeFiles/exp3_exti.elf.dir/Core/Src/system_stm32h7xx.c.obj (__aeabi_fmul)
/usr/lib/gcc/arm-none-eabi/14.2.0/thumb/v7e-m/nofp/libgcc.a(_arm_addsubsf3.o)
                              CMakeFiles/exp3_exti.elf.dir/Core/Src/system_stm32h7xx.c.obj (__aeabi_fadd)
/usr/lib/gcc/arm-none-eabi/14.2.0/thumb/v7e-m/nofp/libgcc.a(_arm_muldivsf3.o)
                              CMakeFiles/exp3_exti.elf.dir/Core/Src/system_stm32h7xx.c.obj (__aeabi_fdiv)
/usr/lib/gcc/arm-none-eabi/14.2.0/thumb/v7e-m/nofp/libgcc.a(_arm_fixunssfsi.o)
                              CMakeFiles/exp3_exti.elf.dir/Core/Src/system_stm32h7xx.c.obj (__aeabi_f2uiz)
/usr/lib/gcc/arm-none-eabi/14.2.0/../../../../arm-none-eabi/lib/thumb/v7e-m/nofp/libg.a(libc_a-atexit.o)
                              /usr/lib/gcc/arm-none-eabi/14.2.0/../../../../arm-none-eabi/lib/thumb/v7e-m/nofp/crt0.o (atexit)
/usr/lib/gcc/arm-none-eabi/14.2.0/../../../../arm-none-eabi/lib/thumb/v7e-m/nofp/libg.a(libc_a-exit.o)
                              /usr/lib/gcc/arm-none-eabi/14.2.0/../../../../arm-none-eabi/lib/thumb/v7e-m/nofp/crt0.o (exit)
/usr/lib/gcc/arm-none-eabi/14.2.0/../../../../arm-none-eabi/lib/thumb/v7e-m/nofp/libg.a(libc_a-findfp.o)
                              /usr/lib/gcc/arm-none-eabi/14.2.0/../../../../arm-none-eabi/lib/thumb/v7e-m/nofp/libg.a(libc_a-exit.o) (__stdio_exit_handler)
/usr/lib/gcc/arm-none-eabi/14.2.0/../../../../arm-none-eabi/lib/thumb/v7e-m/nofp/libg.a(libc_a-fwalk.o)
                              /usr/lib/gcc/arm-none-eabi/14.2.0/../../../../arm-none-eabi/lib/thumb/v7e-m/nofp/libg.a(libc_a-findfp.o) (_fwalk_sglue)
/usr/lib/gcc/arm-none-eabi/14.2.0/../../../../arm-none-eabi/lib/thumb/v7e-m/nofp/libg.a(libc_a-stdio.o)
                              /usr/lib/gcc/arm-none-eabi/14.2.0/../../../../arm-none-eabi/lib/thumb/v7e-m/nofp/libg.a(libc_a-findfp.o) (__sread)
/usr/lib/gcc/arm-none-eabi/14.2.0/../../../../arm-none-eabi/lib/thumb/v7e-m/nofp/libg.a(libc_a-memset.o)
                              /usr/lib/gcc/arm-none-eabi/14.2.0/../../../../arm-none-eabi/lib/thumb/v7e-m/nofp/crt0.o (memset)
/usr/lib/gcc/arm-none-eabi/14.2.0/../../../../arm-none-eabi/lib/thumb/v7e-m/nofp/libg.a(libc_a-closer.o)
                              /usr/lib/gcc/arm-none-eabi/14.2.0/../../../../arm-none-eabi/lib/thumb/v7e-m/nofp/libg.a(libc_a-stdio.o) (_close_r)
/usr/lib/gcc/arm-none-eabi/14.2.0/../../../../arm-none-eabi/lib/thumb/v7e-m/nofp/libg.a(libc_a-reent.o)
                              /usr/lib/gcc/arm-none-eabi/14.2.0/../../../../arm-none-eabi/lib/thumb/v7e-m/nofp/libg.a(libc_a-closer.o) (errno)
/usr/lib/gcc/arm-none-eabi/14.2.0/../../../../arm-none-eabi/lib/thumb/v7e-m/nofp/libg.a(libc_a-impure.o)
                              /usr/lib/gcc/arm-none-eabi/14.2.0/../../../../arm-none-eabi/lib/thumb/v7e-m/nofp/libg.a(libc_a-reent.o) (_impure_ptr)
/usr/lib/gcc/arm-none-eabi/14.2.0/../../../../arm-none-eabi/lib/thumb/v7e-m/nofp/libg.a(libc_a-lseekr.o)
                              /usr/lib/gcc/arm-none-eabi/14.2.0/../../../../arm-none-eabi/lib/thumb/v7e-m/nofp/libg.a(libc_a-stdio.o) (_lseek_r)
/usr/lib/gcc/arm-none-eabi/14.2.0/../../../../arm-none-eabi/lib/thumb/v7e-m/nofp/libg.a(libc_a-readr.o)
                              /usr/lib/gcc/arm-none-eabi/14.2.0/../../../../arm-none-eabi/lib/thumb/v7e-m/nofp/libg.a(libc_a-stdio.o) (_read_r)
/usr/lib/gcc/arm-none-eabi/14.2.0/../../../../arm-none-eabi/lib/thumb/v7e-m/nofp/libg.a(libc_a-writer.o)
                              /usr/lib/gcc/arm-none-eabi/14.2.0/../../../../arm-none-eabi/lib/thumb/v7e-m/nofp/libg.a(libc_a-stdio.o) (_write_r)
/usr/lib/gcc/arm-none-eabi/14.2.0/../../../../arm-none-eabi/lib/thumb/v7e-m/nofp/libg.a(libc_a-errno.o)
                              CMakeFiles/exp3_exti.elf.dir/Core/Src/syscalls.c.obj (__errno)
/usr/lib/gcc/arm-none-eabi/14.2.0/../../../../arm-none-eabi/lib/thumb/v7e-m/nofp/libg.a(libc_a-init.o)
                              /usr/lib/gcc/arm-none-eabi/14.2.0/../../../../arm-none-eabi/lib/thumb/v7e-m/nofp/crt0.o (__libc_init_array)
/usr/lib/gcc/arm-none-eabi/14.2.0/../../../../arm-none-eabi/lib/thumb/v7e-m/nofp/libg.a(libc_a-fini.o)
                              /usr/lib/gcc/arm-none-eabi/14.2.0/../../../../arm-none-eabi/lib/thumb/v7e-m/nofp/crt0.o (__libc_fini_array)
/usr/lib/gcc/arm-none-eabi/14.2.0/../../../../arm-none-eabi/lib/thumb/v7e-m/nofp/libg.a(libc_a-lock.o)
                              /usr/lib/gcc/arm-none-eabi/14.2.0/../../../../arm-none-eabi/lib/thumb/v7e-m/nofp/libg.a(libc_a-findfp.o) (__retarget_lock_init_recursive)
/usr/lib/gcc/arm-none-eabi/14.2.0/../../../../arm-none-eabi/lib/thumb/v7e-m/nofp/libg.a(libc_a-__atexit.o)
                              /usr/lib/gcc/arm-none-eabi/14.2.0/../../../../arm-none-eabi/lib/thumb/v7e-m/nofp/libg.a(libc_a-atexit.o) (__register_exitproc)
[...]
Memory Configuration

Name             Origin             Length             Attributes
ITCMRAM          0x00000000         0x00010000         xrw
DTCMRAM          0x20000000         0x00020000         xrw
FLASH            0x08000000         0x00100000         xr
RAM_D1           0x24000000         0x00050000         xrw
RAM_D2           0x30000000         0x00008000         xrw
RAM_D3           0x38000000         0x00004000         xrw
*default*        0x00000000         0xffffffff

Linker script and memory map

LOAD /usr/lib/gcc/arm-none-eabi/14.2.0/thumb/v7e-m/nofp/crti.o
LOAD /usr/lib/gcc/arm-none-eabi/14.2.0/thumb/v7e-m/nofp/crtbegin.o
LOAD /usr/lib/gcc/arm-none-eabi/14.2.0/../../../../arm-none-eabi/lib/thumb/v7e-m/nofp/crt0.o
LOAD CMakeFiles/exp3_exti.elf.dir/Core/Src/gpio.c.obj
LOAD CMakeFiles/exp3_exti.elf.dir/Core/Src/main.c.obj
LOAD CMakeFiles/exp3_exti.elf.dir/Core/Src/memorymap.c.obj
LOAD CMakeFiles/exp3_exti.elf.dir/Core/Src/stm32h7xx_hal_msp.c.obj
LOAD CMakeFiles/exp3_exti.elf.dir/Core/Src/stm32h7xx_it.c.obj
LOAD CMakeFiles/exp3_exti.elf.dir/Core/Src/syscalls.c.obj
LOAD CMakeFiles/exp3_exti.elf.dir/Core/Src/sysmem.c.obj
LOAD CMakeFiles/exp3_exti.elf.dir/Core/Src/system_stm32h7xx.c.obj
LOAD CMakeFiles/exp3_exti.elf.dir/Core/Startup/startup_stm32h723vgtx.s.obj
LOAD CMakeFiles/exp3_exti.elf.dir/Drivers/STM32H7xx_HAL_Driver/Src/stm32h7xx_hal.c.obj
LOAD CMakeFiles/exp3_exti.elf.dir/Drivers/STM32H7xx_HAL_Driver/Src/stm32h7xx_hal_cortex.c.obj
LOAD CMakeFiles/exp3_exti.elf.dir/Drivers/STM32H7xx_HAL_Driver/Src/stm32h7xx_hal_dma.c.obj
LOAD CMakeFiles/exp3_exti.elf.dir/Drivers/STM32H7xx_HAL_Driver/Src/stm32h7xx_hal_dma_ex.c.obj
LOAD CMakeFiles/exp3_exti.elf.dir/Drivers/STM32H7xx_HAL_Driver/Src/stm32h7xx_hal_exti.c.obj
LOAD CMakeFiles/exp3_exti.elf.dir/Drivers/STM32H7xx_HAL_Driver/Src/stm32h7xx_hal_flash.c.obj
LOAD CMakeFiles/exp3_exti.elf.dir/Drivers/STM32H7xx_HAL_Driver/Src/stm32h7xx_hal_flash_ex.c.obj
LOAD CMakeFiles/exp3_exti.elf.dir/Drivers/STM32H7xx_HAL_Driver/Src/stm32h7xx_hal_gpio.c.obj
LOAD CMakeFiles/exp3_exti.elf.dir/Drivers/STM32H7xx_HAL_Driver/Src/stm32h7xx_hal_hsem.c.obj
LOAD CMakeFiles/exp3_exti.elf.dir/Drivers/STM32H7xx_HAL_Driver/Src/stm32h7xx_hal_i2c.c.obj
LOAD CMakeFiles/exp3_exti.elf.dir/Drivers/STM32H7xx_HAL_Driver/Src/stm32h7xx_hal_i2c_ex.c.obj
LOAD CMakeFiles/exp3_exti.elf.dir/Drivers/STM32H7xx_HAL_Driver/Src/stm32h7xx_hal_mdma.c.obj
LOAD CMakeFiles/exp3_exti.elf.dir/Drivers/STM32H7xx_HAL_Driver/Src/stm32h7xx_hal_pwr.c.obj
LOAD CMakeFiles/exp3_exti.elf.dir/Drivers/STM32H7xx_HAL_Driver/Src/stm32h7xx_hal_pwr_ex.c.obj
LOAD CMakeFiles/exp3_exti.elf.dir/Drivers/STM32H7xx_HAL_Driver/Src/stm32h7xx_hal_rcc.c.obj
LOAD CMakeFiles/exp3_exti.elf.dir/Drivers/STM32H7xx_HAL_Driver/Src/stm32h7xx_hal_rcc_ex.c.obj
START GROUP
LOAD /usr/lib/gcc/arm-none-eabi/14.2.0/thumb/v7e-m/nofp/libgcc.a
LOAD /usr/lib/gcc/arm-none-eabi/14.2.0/../../../../arm-none-eabi/lib/thumb/v7e-m/nofp/libg.a
LOAD /usr/lib/gcc/arm-none-eabi/14.2.0/../../../../arm-none-eabi/lib/thumb/v7e-m/nofp/libc.a
END GROUP
LOAD /usr/lib/gcc/arm-none-eabi/14.2.0/thumb/v7e-m/nofp/crtend.o
LOAD /usr/lib/gcc/arm-none-eabi/14.2.0/thumb/v7e-m/nofp/crtn.o
                0x24050000                        _estack = (ORIGIN (RAM_D1) + LENGTH (RAM_D1))
                0x00000200                        _Min_Heap_Size = 0x200
                0x00000400                        _Min_Stack_Size = 0x400

.isr_vector     0x08000000      0x2cc
                0x08000000                        . = ALIGN (0x4)
 *(.isr_vector)
 .isr_vector    0x08000000      0x2cc CMakeFiles/exp3_exti.elf.dir/Core/Startup/startup_stm32h723vgtx.s.obj
                0x08000000                g_pfnVectors
                0x080002cc                        . = ALIGN (0x4)

.text           0x080002cc     0x1ac4
                0x080002cc                        . = ALIGN (0x4)
 *(.text)
 .text          0x080002cc      0x21c /usr/lib/gcc/arm-none-eabi/14.2.0/thumb/v7e-m/nofp/libgcc.a(_arm_addsubsf3.o)
                0x080002cc                __aeabi_frsub
                0x080002d4                __subsf3
                0x080002d4                __aeabi_fsub
                0x080002d8                __aeabi_fadd
                0x080002d8                __addsf3
                0x08000438                __aeabi_ui2f
                0x08000438                __floatunsisf
                0x08000440                __aeabi_i2f
                0x08000440                __floatsisf
                0x0800045c                __floatundisf
                0x0800045c                __aeabi_ul2f
                0x0800046c                __floatdisf
                0x0800046c                __aeabi_l2f
 .text          0x080004e8      0x2a0 /usr/lib/gcc/arm-none-eabi/14.2.0/thumb/v7e-m/nofp/libgcc.a(_arm_muldivsf3.o)
                0x080004e8                __mulsf3
                0x080004e8                __aeabi_fmul
                0x08000650                __divsf3
                0x08000650                __aeabi_fdiv
 .text          0x08000788       0x40 /usr/lib/gcc/arm-none-eabi/14.2.0/thumb/v7e-m/nofp/libgcc.a(_arm_fixunssfsi.o)
                0x08000788                __aeabi_f2uiz
                0x08000788                __fixunssfsi
 *(.text*)
 .text.__do_global_dtors_aux
                0x080007c8       0x24 /usr/lib/gcc/arm-none-eabi/14.2.0/thumb/v7e-m/nofp/crtbegin.o
 .text.frame_dummy
                0x080007ec       0x1c /usr/lib/gcc/arm-none-eabi/14.2.0/thumb/v7e-m/nofp/crtbegin.o
 .text.MX_GPIO_Init
                0x08000808      0x16c CMakeFiles/exp3_exti.elf.dir/Core/Src/gpio.c.obj
                0x08000808                MX_GPIO_Init
 .text.MPU_Config
                0x08000974       0x52 CMakeFiles/exp3_exti.elf.dir/Core/Src/main.c.obj
 *fill*         0x080009c6        0x2 
 .text.HAL_GPIO_EXTI_Callback
                0x080009c8       0x3c CMakeFiles/exp3_exti.elf.dir/Core/Src/main.c.obj
                0x080009c8                HAL_GPIO_EXTI_Callback
 .text.Error_Handler
                0x08000a04        0x4 CMakeFiles/exp3_exti.elf.dir/Core/Src/main.c.obj
                0x08000a04                Error_Handler
 .text.SystemClock_Config
                0x08000a08       0xac CMakeFiles/exp3_exti.elf.dir/Core/Src/main.c.obj
                0x08000a08                SystemClock_Config
 .text.main     0x08000ab4       0x14 CMakeFiles/exp3_exti.elf.dir/Core/Src/main.c.obj
                0x08000ab4                main
 .text.HAL_MspInit
                0x08000ac8       0x24 CMakeFiles/exp3_exti.elf.dir/Core/Src/stm32h7xx_hal_msp.c.obj
                0x08000ac8                HAL_MspInit
 .text.NMI_Handler
                0x08000aec        0x2 CMakeFiles/exp3_exti.elf.dir/Core/Src/stm32h7xx_it.c.obj
                0x08000aec                NMI_Handler
 .text.HardFault_Handler
                0x08000aee        0x2 CMakeFiles/exp3_exti.elf.dir/Core/Src/stm32h7xx_it.c.obj
                0x08000aee                HardFault_Handler
 .text.MemManage_Handler
                0x08000af0        0x2 CMakeFiles/exp3_exti.elf.dir/Core/Src/stm32h7xx_it.c.obj
                0x08000af0                MemManage_Handler
 .text.BusFault_Handler
                0x08000af2        0x2 CMakeFiles/exp3_exti.elf.dir/Core/Src/stm32h7xx_it.c.obj
                0x08000af2                BusFault_Handler
 .text.UsageFault_Handler
                0x08000af4        0x2 CMakeFiles/exp3_exti.elf.dir/Core/Src/stm32h7xx_it.c.obj
                0x08000af4                UsageFault_Handler
 .text.SVC_Handler
                0x08000af6        0x2 CMakeFiles/exp3_exti.elf.dir/Core/Src/stm32h7xx_it.c.obj
                0x08000af6                SVC_Handler
 .text.DebugMon_Handler
                0x08000af8        0x2 CMakeFiles/exp3_exti.elf.dir/Core/Src/stm32h7xx_it.c.obj
                0x08000af8                DebugMon_Handler
 .text.PendSV_Handler
                0x08000afa        0x2 CMakeFiles/exp3_exti.elf.dir/Core/Src/stm32h7xx_it.c.obj
                0x08000afa                PendSV_Handler
 .text.SysTick_Handler
                0x08000afc        0x8 CMakeFiles/exp3_exti.elf.dir/Core/Src/stm32h7xx_it.c.obj
                0x08000afc                SysTick_Handler
 .text.EXTI0_IRQHandler
                0x08000b04        0xa CMakeFiles/exp3_exti.elf.dir/Core/Src/stm32h7xx_it.c.obj
                0x08000b04                EXTI0_IRQHandler
 .text.EXTI3_IRQHandler
                0x08000b0e        0xa CMakeFiles/exp3_exti.elf.dir/Core/Src/stm32h7xx_it.c.obj
                0x08000b0e                EXTI3_IRQHandler
 .text.EXTI4_IRQHandler
                0x08000b18        0xa CMakeFiles/exp3_exti.elf.dir/Core/Src/stm32h7xx_it.c.obj
                0x08000b18                EXTI4_IRQHandler
 .text.EXTI15_10_IRQHandler
                0x08000b22        0xc CMakeFiles/exp3_exti.elf.dir/Core/Src/stm32h7xx_it.c.obj
                0x08000b22                EXTI15_10_IRQHandler
 *fill*         0x08000b2e        0x2 
 .text.SystemInit
                0x08000b30       0x98 CMakeFiles/exp3_exti.elf.dir/Core/Src/system_stm32h7xx.c.obj
                0x08000b30                SystemInit
 .text.Reset_Handler
                0x08000bc8       0x50 CMakeFiles/exp3_exti.elf.dir/Core/Startup/startup_stm32h723vgtx.s.obj
                0x08000bc8                Reset_Handler
 .text.Default_Handler
                0x08000c18        0x2 CMakeFiles/exp3_exti.elf.dir/Core/Startup/startup_stm32h723vgtx.s.obj
                0x08000c18                RTC_Alarm_IRQHandler
                0x08000c18                EXTI2_IRQHandler
                0x08000c18                TIM8_CC_IRQHandler
                0x08000c18                UART8_IRQHandler
                0x08000c18                SPI4_IRQHandler
                0x08000c18                FDCAN3_IT0_IRQHandler
                0x08000c18                TIM1_CC_IRQHandler
                0x08000c18                BDMA_Channel6_IRQHandler
                0x08000c18                DMA2_Stream5_IRQHandler
                0x08000c18                DMA1_Stream5_IRQHandler
                0x08000c18                CORDIC_IRQHandler
                0x08000c18                BDMA_Channel1_IRQHandler
                0x08000c18                TAMP_STAMP_IRQHandler
                0x08000c18                LPTIM4_IRQHandler
                0x08000c18                TIM8_TRG_COM_TIM14_IRQHandler
                0x08000c18                LPTIM2_IRQHandler
                0x08000c18                DFSDM1_FLT1_IRQHandler
                0x08000c18                DMAMUX2_OVR_IRQHandler
                0x08000c18                TIM8_UP_TIM13_IRQHandler
                0x08000c18                I2C3_ER_IRQHandler
                0x08000c18                DFSDM1_FLT2_IRQHandler
                0x08000c18                I2C5_EV_IRQHandler
                0x08000c18                USART10_IRQHandler
                0x08000c18                MDMA_IRQHandler
                0x08000c18                LPTIM3_IRQHandler
                0x08000c18                HSEM1_IRQHandler
                0x08000c18                I2C2_EV_IRQHandler
                0x08000c18                DMA1_Stream2_IRQHandler
                0x08000c18                FPU_IRQHandler
                0x08000c18                OTG_HS_WKUP_IRQHandler
                0x08000c18                FDCAN1_IT1_IRQHandler
                0x08000c18                LTDC_ER_IRQHandler
                0x08000c18                DMA2_Stream2_IRQHandler
                0x08000c18                SPI1_IRQHandler
                0x08000c18                OCTOSPI1_IRQHandler
                0x08000c18                TIM6_DAC_IRQHandler
                0x08000c18                DMA2_Stream3_IRQHandler
                0x08000c18                OCTOSPI2_IRQHandler
                0x08000c18                DFSDM1_FLT3_IRQHandler
                0x08000c18                TIM23_IRQHandler
                0x08000c18                USART6_IRQHandler
                0x08000c18                TIM17_IRQHandler
                0x08000c18                USART3_IRQHandler
                0x08000c18                BDMA_Channel7_IRQHandler
                0x08000c18                LPTIM5_IRQHandler
                0x08000c18                UART5_IRQHandler
                0x08000c18                ADC3_IRQHandler
                0x08000c18                DMA2_Stream0_IRQHandler
                0x08000c18                TIM4_IRQHandler
                0x08000c18                BDMA_Channel2_IRQHandler
                0x08000c18                I2C1_EV_IRQHandler
                0x08000c18                DMA1_Stream6_IRQHandler
                0x08000c18                DMAMUX1_OVR_IRQHandler
                0x08000c18                DMA1_Stream1_IRQHandler
                0x08000c18                TIM16_IRQHandler
                0x08000c18                UART4_IRQHandler
                0x08000c18                BDMA_Channel5_IRQHandler
                0x08000c18                TIM3_IRQHandler
                0x08000c18                RCC_IRQHandler
                0x08000c18                UART9_IRQHandler
                0x08000c18                TIM8_BRK_TIM12_IRQHandler
                0x08000c18                TIM1_TRG_COM_IRQHandler
                0x08000c18                Default_Handler
                0x08000c18                ECC_IRQHandler
                0x08000c18                FMAC_IRQHandler
                0x08000c18                CEC_IRQHandler
                0x08000c18                BDMA_Channel0_IRQHandler
                0x08000c18                ADC_IRQHandler
                0x08000c18                I2C5_ER_IRQHandler
                0x08000c18                DMA1_Stream7_IRQHandler
                0x08000c18                SPI5_IRQHandler
                0x08000c18                TIM7_IRQHandler
                0x08000c18                FDCAN3_IT1_IRQHandler
                0x08000c18                SDMMC1_IRQHandler
                0x08000c18                TIM5_IRQHandler
                0x08000c18                DMA2_Stream7_IRQHandler
                0x08000c18                TIM15_IRQHandler
                0x08000c18                PVD_AVD_IRQHandler
                0x08000c18                I2C3_EV_IRQHandler
                0x08000c18                EXTI9_5_IRQHandler
                0x08000c18                RTC_WKUP_IRQHandler
                0x08000c18                LTDC_IRQHandler
                0x08000c18                ETH_WKUP_IRQHandler
                0x08000c18                SPDIF_RX_IRQHandler
                0x08000c18                SPI2_IRQHandler
                0x08000c18                OTG_HS_EP1_IN_IRQHandler
                0x08000c18                DMA1_Stream0_IRQHandler
                0x08000c18                TIM24_IRQHandler
                0x08000c18                CRS_IRQHandler
                0x08000c18                RNG_IRQHandler
                0x08000c18                FDCAN2_IT1_IRQHandler
                0x08000c18                ETH_IRQHandler
                0x08000c18                TIM1_UP_IRQHandler
                0x08000c18                BDMA_Channel4_IRQHandler
                0x08000c18                OTG_HS_EP1_OUT_IRQHandler
                0x08000c18                WWDG_IRQHandler
                0x08000c18                SPI6_IRQHandler
                0x08000c18                MDIOS_IRQHandler
                0x08000c18                I2C4_EV_IRQHandler
                0x08000c18                FDCAN2_IT0_IRQHandler
                0x08000c18                LPUART1_IRQHandler
                0x08000c18                FDCAN1_IT0_IRQHandler
                0x08000c18                TIM2_IRQHandler
                0x08000c18                OTG_HS_IRQHandler
                0x08000c18                DMA2D_IRQHandler
                0x08000c18                TIM1_BRK_IRQHandler
                0x08000c18                EXTI1_IRQHandler
                0x08000c18                SDMMC2_IRQHandler
                0x08000c18                BDMA_Channel3_IRQHandler
                0x08000c18                DTS_IRQHandler
                0x08000c18                UART7_IRQHandler
                0x08000c18                MDIOS_WKUP_IRQHandler
                0x08000c18                USART2_IRQHandler
                0x08000c18                DFSDM1_FLT0_IRQHandler
                0x08000c18                SAI4_IRQHandler
                0x08000c18                I2C2_ER_IRQHandler
                0x08000c18                DMA2_Stream1_IRQHandler
                0x08000c18                FLASH_IRQHandler
                0x08000c18                DMA2_Stream4_IRQHandler
                0x08000c18                USART1_IRQHandler
                0x08000c18                SPI3_IRQHandler
                0x08000c18                WAKEUP_PIN_IRQHandler
                0x08000c18                DMA1_Stream4_IRQHandler
                0x08000c18                I2C1_ER_IRQHandler
                0x08000c18                FMC_IRQHandler
                0x08000c18                FDCAN_CAL_IRQHandler
                0x08000c18                SWPMI1_IRQHandler
                0x08000c18                COMP1_IRQHandler
                0x08000c18                LPTIM1_IRQHandler
                0x08000c18                DCMI_PSSI_IRQHandler
                0x08000c18                I2C4_ER_IRQHandler
                0x08000c18                DMA2_Stream6_IRQHandler
                0x08000c18                SAI1_IRQHandler
                0x08000c18                DMA1_Stream3_IRQHandler
 *fill*         0x08000c1a        0x2 
 .text.HAL_InitTick
                0x08000c1c       0x50 CMakeFiles/exp3_exti.elf.dir/Drivers/STM32H7xx_HAL_Driver/Src/stm32h7xx_hal.c.obj
                0x08000c1c                HAL_InitTick
 .text.HAL_Init
                0x08000c6c       0x5c CMakeFiles/exp3_exti.elf.dir/Drivers/STM32H7xx_HAL_Driver/Src/stm32h7xx_hal.c.obj
                0x08000c6c                HAL_Init
 .text.HAL_IncTick
                0x08000cc8       0x18 CMakeFiles/exp3_exti.elf.dir/Drivers/STM32H7xx_HAL_Driver/Src/stm32h7xx_hal.c.obj
                0x08000cc8                HAL_IncTick
 .text.HAL_GetTick
                0x08000ce0        0xc CMakeFiles/exp3_exti.elf.dir/Drivers/STM32H7xx_HAL_Driver/Src/stm32h7xx_hal.c.obj
                0x08000ce0                HAL_GetTick
 .text.__NVIC_EnableIRQ
                0x08000cec       0x1c CMakeFiles/exp3_exti.elf.dir/Drivers/STM32H7xx_HAL_Driver/Src/stm32h7xx_hal_cortex.c.obj
 .text.__NVIC_SetPriority
                0x08000d08       0x24 CMakeFiles/exp3_exti.elf.dir/Drivers/STM32H7xx_HAL_Driver/Src/stm32h7xx_hal_cortex.c.obj
 .text.NVIC_EncodePriority
                0x08000d2c       0x3e CMakeFiles/exp3_exti.elf.dir/Drivers/STM32H7xx_HAL_Driver/Src/stm32h7xx_hal_cortex.c.obj
 *fill*         0x08000d6a        0x2 
 .text.HAL_NVIC_SetPriorityGrouping
                0x08000d6c       0x24 CMakeFiles/exp3_exti.elf.dir/Drivers/STM32H7xx_HAL_Driver/Src/stm32h7xx_hal_cortex.c.obj
                0x08000d6c                HAL_NVIC_SetPriorityGrouping
 .text.HAL_NVIC_SetPriority
                0x08000d90       0x20 CMakeFiles/exp3_exti.elf.dir/Drivers/STM32H7xx_HAL_Driver/Src/stm32h7xx_hal_cortex.c.obj
                0x08000d90                HAL_NVIC_SetPriority
 .text.HAL_NVIC_EnableIRQ
                0x08000db0        0x8 CMakeFiles/exp3_exti.elf.dir/Drivers/STM32H7xx_HAL_Driver/Src/stm32h7xx_hal_cortex.c.obj
                0x08000db0                HAL_NVIC_EnableIRQ
 .text.HAL_SYSTICK_Config
                0x08000db8       0x28 CMakeFiles/exp3_exti.elf.dir/Drivers/STM32H7xx_HAL_Driver/Src/stm32h7xx_hal_cortex.c.obj
                0x08000db8                HAL_SYSTICK_Config
 .text.HAL_MPU_Disable
                0x08000de0       0x1c CMakeFiles/exp3_exti.elf.dir/Drivers/STM32H7xx_HAL_Driver/Src/stm32h7xx_hal_cortex.c.obj
                0x08000de0                HAL_MPU_Disable
 .text.HAL_MPU_Enable
                0x08000dfc       0x20 CMakeFiles/exp3_exti.elf.dir/Drivers/STM32H7xx_HAL_Driver/Src/stm32h7xx_hal_cortex.c.obj
                0x08000dfc                HAL_MPU_Enable
 .text.HAL_MPU_ConfigRegion
                0x08000e1c       0x58 CMakeFiles/exp3_exti.elf.dir/Drivers/STM32H7xx_HAL_Driver/Src/stm32h7xx_hal_cortex.c.obj
                0x08000e1c                HAL_MPU_ConfigRegion
 .text.HAL_GPIO_Init
                0x08000e74      0x21c CMakeFiles/exp3_exti.elf.dir/Drivers/STM32H7xx_HAL_Driver/Src/stm32h7xx_hal_gpio.c.obj
                0x08000e74                HAL_GPIO_Init
 .text.HAL_GPIO_WritePin
                0x08001090        0xc CMakeFiles/exp3_exti.elf.dir/Drivers/STM32H7xx_HAL_Driver/Src/stm32h7xx_hal_gpio.c.obj
                0x08001090                HAL_GPIO_WritePin
 .text.HAL_GPIO_TogglePin
                0x0800109c       0x12 CMakeFiles/exp3_exti.elf.dir/Drivers/STM32H7xx_HAL_Driver/Src/stm32h7xx_hal_gpio.c.obj
                0x0800109c                HAL_GPIO_TogglePin
 .text.HAL_GPIO_EXTI_IRQHandler
                0x080010ae       0x1e CMakeFiles/exp3_exti.elf.dir/Drivers/STM32H7xx_HAL_Driver/Src/stm32h7xx_hal_gpio.c.obj
                0x080010ae                HAL_GPIO_EXTI_IRQHandler
 .text.HAL_PWREx_ConfigSupply
                0x080010cc       0x54 CMakeFiles/exp3_exti.elf.dir/Drivers/STM32H7xx_HAL_Driver/Src/stm32h7xx_hal_pwr_ex.c.obj
                0x080010cc                HAL_PWREx_ConfigSupply
 .text.HAL_RCC_OscConfig
                0x08001120      0x5e4 CMakeFiles/exp3_exti.elf.dir/Drivers/STM32H7xx_HAL_Driver/Src/stm32h7xx_hal_rcc.c.obj
                0x08001120                HAL_RCC_OscConfig
 .text.HAL_RCC_GetSysClockFreq
                0x08001704      0x224 CMakeFiles/exp3_exti.elf.dir/Drivers/STM32H7xx_HAL_Driver/Src/stm32h7xx_hal_rcc.c.obj
                0x08001704                HAL_RCC_GetSysClockFreq
 .text.HAL_RCC_ClockConfig
                0x08001928      0x294 CMakeFiles/exp3_exti.elf.dir/Drivers/STM32H7xx_HAL_Driver/Src/stm32h7xx_hal_rcc.c.obj
                0x08001928                HAL_RCC_ClockConfig
 .text.atexit   0x08001bbc        0xc /usr/lib/gcc/arm-none-eabi/14.2.0/../../../../arm-none-eabi/lib/thumb/v7e-m/nofp/libg.a(libc_a-atexit.o)
                0x08001bbc                atexit
 .text.memset   0x08001bc8       0x9c /usr/lib/gcc/arm-none-eabi/14.2.0/../../../../arm-none-eabi/lib/thumb/v7e-m/nofp/libg.a(libc_a-memset.o)
                0x08001bc8                memset
 .text.__libc_init_array
                0x08001c64       0x50 /usr/lib/gcc/arm-none-eabi/14.2.0/../../../../arm-none-eabi/lib/thumb/v7e-m/nofp/libg.a(libc_a-init.o)
                0x08001c64                __libc_init_array
 .text.__libc_fini_array
                0x08001cb4       0x28 /usr/lib/gcc/arm-none-eabi/14.2.0/../../../../arm-none-eabi/lib/thumb/v7e-m/nofp/libg.a(libc_a-fini.o)
                0x08001cb4                __libc_fini_array
 .text.__retarget_lock_acquire_recursive
                0x08001cdc        0x4 /usr/lib/gcc/arm-none-eabi/14.2.0/../../../../arm-none-eabi/lib/thumb/v7e-m/nofp/libg.a(libc_a-lock.o)
                0x08001cdc                __retarget_lock_acquire_recursive
 .text.__retarget_lock_release_recursive
                0x08001ce0        0x4 /usr/lib/gcc/arm-none-eabi/14.2.0/../../../../arm-none-eabi/lib/thumb/v7e-m/nofp/libg.a(libc_a-lock.o)
                0x08001ce0                __retarget_lock_release_recursive
 .text.__register_exitproc
                0x08001ce4       0x80 /usr/lib/gcc/arm-none-eabi/14.2.0/../../../../arm-none-eabi/lib/thumb/v7e-m/nofp/libg.a(libc_a-__atexit.o)
                0x08001ce4                __register_exitproc
 .text.startup.register_fini
                0x08001d64       0x14 /usr/lib/gcc/arm-none-eabi/14.2.0/../../../../arm-none-eabi/lib/thumb/v7e-m/nofp/libg.a(libc_a-__call_atexit.o)
 *(.glue_7)
 .glue_7        0x08001d78        0x0 linker stubs
 *(.glue_7t)
 .glue_7t       0x08001d78        0x0 linker stubs
 *(.eh_frame)
 .eh_frame      0x08001d78        0x0 /usr/lib/gcc/arm-none-eabi/14.2.0/thumb/v7e-m/nofp/crtbegin.o
 *(.init)
 .init          0x08001d78        0x4 /usr/lib/gcc/arm-none-eabi/14.2.0/thumb/v7e-m/nofp/crti.o
                0x08001d78                _init
 .init          0x08001d7c        0x8 /usr/lib/gcc/arm-none-eabi/14.2.0/thumb/v7e-m/nofp/crtn.o
 *(.fini)
 .fini          0x08001d84        0x4 /usr/lib/gcc/arm-none-eabi/14.2.0/thumb/v7e-m/nofp/crti.o
                0x08001d84                _fini
 .fini          0x08001d88        0x8 /usr/lib/gcc/arm-none-eabi/14.2.0/thumb/v7e-m/nofp/crtn.o
                0x08001d90                        . = ALIGN (0x4)
                0x08001d90                        _etext = .

.vfp11_veneer   0x08001d90        0x0
 .vfp11_veneer  0x08001d90        0x0 linker stubs

.v4_bx          0x08001d90        0x0
 .v4_bx         0x08001d90        0x0 linker stubs

.iplt           0x08001d90        0x0
 .iplt          0x08001d90        0x0 /usr/lib/gcc/arm-none-eabi/14.2.0/thumb/v7e-m/nofp/crtbegin.o

.rodata         0x08001d90       0x10
                0x08001d90                        . = ALIGN (0x4)
 *(.rodata)
 *(.rodata*)
 .rodata.D1CorePrescTable
                0x08001d90       0x10 CMakeFiles/exp3_exti.elf.dir/Core/Src/system_stm32h7xx.c.obj
                0x08001d90                D1CorePrescTable
                0x08001da0                        . = ALIGN (0x4)

.ARM.extab
 *(.ARM.extab* .gnu.linkonce.armextab.*)

.ARM            0x08001da0        0x0
                0x08001da0                        __exidx_start = .
 *(.ARM.exidx*)
                0x08001da0                        __exidx_end = .

.preinit_array  0x08001da0        0x0
                0x08001da0                        PROVIDE (__preinit_array_start = .)
 *(.preinit_array*)
                0x08001da0                        PROVIDE (__preinit_array_end = .)

.init_array     0x08001da0        0x8
                0x08001da0                        PROVIDE (__init_array_start = .)
 *(SORT_BY_NAME(.init_array.*))
 .init_array.00000
                0x08001da0        0x4 /usr/lib/gcc/arm-none-eabi/14.2.0/../../../../arm-none-eabi/lib/thumb/v7e-m/nofp/libg.a(libc_a-__call_atexit.o)
 *(.init_array*)
 .init_array    0x08001da4        0x4 /usr/lib/gcc/arm-none-eabi/14.2.0/thumb/v7e-m/nofp/crtbegin.o
                0x08001da8                        PROVIDE (__init_array_end = .)

.fini_array     0x08001da8        0x4
                0x08001da8                        PROVIDE (__fini_array_start = .)
 *(SORT_BY_NAME(.fini_array.*))
 *(.fini_array*)
 .fini_array    0x08001da8        0x4 /usr/lib/gcc/arm-none-eabi/14.2.0/thumb/v7e-m/nofp/crtbegin.o
                0x08001dac                        PROVIDE (__fini_array_end = .)
                0x08001dac                        _sidata = LOADADDR (.data)

.rel.dyn        0x08001dac        0x0
 .rel.iplt      0x08001dac        0x0 /usr/lib/gcc/arm-none-eabi/14.2.0/thumb/v7e-m/nofp/crtbegin.o

.data           0x24000000       0x14 load address 0x08001dac
                0x24000000                        . = ALIGN (0x4)
                0x24000000                        _sdata = .
 *(.data)
 *(.data*)
 .data.SystemD2Clock
                0x24000000        0x4 CMakeFiles/exp3_exti.elf.dir/Core/Src/system_stm32h7xx.c.obj
                0x24000000                SystemD2Clock
 .data.SystemCoreClock
                0x24000004        0x4 CMakeFiles/exp3_exti.elf.dir/Core/Src/system_stm32h7xx.c.obj
                0x24000004                SystemCoreClock
 .data.uwTickFreq
                0x24000008        0x1 CMakeFiles/exp3_exti.elf.dir/Drivers/STM32H7xx_HAL_Driver/Src/stm32h7xx_hal.c.obj
                0x24000008                uwTickFreq
 *fill*         0x24000009        0x3 
 .data.uwTickPrio
                0x2400000c        0x4 CMakeFiles/exp3_exti.elf.dir/Drivers/STM32H7xx_HAL_Driver/Src/stm32h7xx_hal.c.obj
                0x2400000c                uwTickPrio
 .data.__atexit_recursive_mutex
                0x24000010        0x4 /usr/lib/gcc/arm-none-eabi/14.2.0/../../../../arm-none-eabi/lib/thumb/v7e-m/nofp/libg.a(libc_a-__call_atexit.o)
                0x24000010                __atexit_recursive_mutex
 *(.RamFunc)
 *(.RamFunc*)
                0x24000014                        . = ALIGN (0x4)
                0x24000014                        _edata = .

.igot.plt       0x24000014        0x0 load address 0x08001dc0
 .igot.plt      0x24000014        0x0 /usr/lib/gcc/arm-none-eabi/14.2.0/thumb/v7e-m/nofp/crtbegin.o
                0x24000014                        . = ALIGN (0x4)

.bss            0x24000014      0x1b8 load address 0x08001dc0
                0x24000014                        _sbss = .
                0x24000014                        __bss_start__ = _sbss
 *(.bss)
 *(.bss*)
 .bss.completed.1
                0x24000014        0x1 /usr/lib/gcc/arm-none-eabi/14.2.0/thumb/v7e-m/nofp/crtbegin.o
 *fill*         0x24000015        0x3 
 .bss.object.0  0x24000018       0x18 /usr/lib/gcc/arm-none-eabi/14.2.0/thumb/v7e-m/nofp/crtbegin.o
 .bss.uwTick    0x24000030        0x4 CMakeFiles/exp3_exti.elf.dir/Drivers/STM32H7xx_HAL_Driver/Src/stm32h7xx_hal.c.obj
                0x24000030                uwTick
 .bss.__lock___atexit_recursive_mutex
                0x24000034        0x1 /usr/lib/gcc/arm-none-eabi/14.2.0/../../../../arm-none-eabi/lib/thumb/v7e-m/nofp/libg.a(libc_a-lock.o)
                0x24000034                __lock___atexit_recursive_mutex
 *fill*         0x24000035        0x3 
 .bss.__atexit0
                0x24000038      0x190 /usr/lib/gcc/arm-none-eabi/14.2.0/../../../../arm-none-eabi/lib/thumb/v7e-m/nofp/libg.a(libc_a-__atexit.o)
                0x24000038                __atexit0
 .bss.__atexit  0x240001c8        0x4 /usr/lib/gcc/arm-none-eabi/14.2.0/../../../../arm-none-eabi/lib/thumb/v7e-m/nofp/libg.a(libc_a-__call_atexit.o)
                0x240001c8                __atexit
 *(COMMON)
                0x240001cc                        . = ALIGN (0x4)
                0x240001cc                        _ebss = .
                0x240001cc                        __bss_end__ = _ebss

._user_heap_stack
                0x240001cc      0x604 load address 0x08001dc0
                0x240001d0                        . = ALIGN (0x8)
 *fill*         0x240001cc        0x4 
                [!provide]                        PROVIDE (end = .)
                0x240001d0                        PROVIDE (_end = .)
                0x240003d0                        . = (. + _Min_Heap_Size)
 *fill*         0x240001d0      0x200 
                0x240007d0                        . = (. + _Min_Stack_Size)
 *fill*         0x240003d0      0x400 
                0x240007d0                        . = ALIGN (0x8)

/DISCARD/
 libc.a(*)
 libm.a(*)
 libgcc.a(*)

.ARM.attributes
                0x00000000       0x2a
 *(.ARM.attributes)
 .ARM.attributes
                0x00000000       0x1e /usr/lib/gcc/arm-none-eabi/14.2.0/thumb/v7e-m/nofp/crti.o
 .ARM.attributes
                0x0000001e       0x2e /usr/lib/gcc/arm-none-eabi/14.2.0/thumb/v7e-m/nofp/crtbegin.o
 .ARM.attributes
                0x0000004c       0x2e CMakeFiles/exp3_exti.elf.dir/Core/Src/gpio.c.obj
 .ARM.attributes
                0x0000007a       0x2e CMakeFiles/exp3_exti.elf.dir/Core/Src/main.c.obj
 .ARM.attributes
                0x000000a8       0x2e CMakeFiles/exp3_exti.elf.dir/Core/Src/stm32h7xx_hal_msp.c.obj
 .ARM.attributes
                0x000000d6       0x2e CMakeFiles/exp3_exti.elf.dir/Core/Src/stm32h7xx_it.c.obj
 .ARM.attributes
                0x00000104       0x2e CMakeFiles/exp3_exti.elf.dir/Core/Src/system_stm32h7xx.c.obj
 .ARM.attributes
                0x00000132       0x21 CMakeFiles/exp3_exti.elf.dir/Core/Startup/startup_stm32h723vgtx.s.obj
 .ARM.attributes
                0x00000153       0x2e CMakeFiles/exp3_exti.elf.dir/Drivers/STM32H7xx_HAL_Driver/Src/stm32h7xx_hal.c.obj
 .ARM.attributes
                0x00000181       0x2e CMakeFiles/exp3_exti.elf.dir/Drivers/STM32H7xx_HAL_Driver/Src/stm32h7xx_hal_cortex.c.obj
 .ARM.attributes
                0x000001af       0x2e CMakeFiles/exp3_exti.elf.dir/Drivers/STM32H7xx_HAL_Driver/Src/stm32h7xx_hal_gpio.c.obj
 .ARM.attributes
                0x000001dd       0x2e CMakeFiles/exp3_exti.elf.dir/Drivers/STM32H7xx_HAL_Driver/Src/stm32h7xx_hal_pwr_ex.c.obj
 .ARM.attributes
                0x0000020b       0x2e CMakeFiles/exp3_exti.elf.dir/Drivers/STM32H7xx_HAL_Driver/Src/stm32h7xx_hal_rcc.c.obj
 .ARM.attributes
                0x00000239       0x1e /usr/lib/gcc/arm-none-eabi/14.2.0/thumb/v7e-m/nofp/libgcc.a(_arm_addsubsf3.o)
 .ARM.attributes
                0x00000257       0x1e /usr/lib/gcc/arm-none-eabi/14.2.0/thumb/v7e-m/nofp/libgcc.a(_arm_muldivsf3.o)
 .ARM.attributes
                0x00000275       0x1e /usr/lib/gcc/arm-none-eabi/14.2.0/thumb/v7e-m/nofp/libgcc.a(_arm_fixunssfsi.o)
 .ARM.attributes
                0x00000293       0x2e /usr/lib/gcc/arm-none-eabi/14.2.0/../../../../arm-none-eabi/lib/thumb/v7e-m/nofp/libg.a(libc_a-atexit.o)
 .ARM.attributes
                0x000002c1       0x2e /usr/lib/gcc/arm-none-eabi/14.2.0/../../../../arm-none-eabi/lib/thumb/v7e-m/nofp/libg.a(libc_a-memset.o)
 .ARM.attributes
                0x000002ef       0x2e /usr/lib/gcc/arm-none-eabi/14.2.0/../../../../arm-none-eabi/lib/thumb/v7e-m/nofp/libg.a(libc_a-init.o)
 .ARM.attributes
                0x0000031d       0x2e /usr/lib/gcc/arm-none-eabi/14.2.0/../../../../arm-none-eabi/lib/thumb/v7e-m/nofp/libg.a(libc_a-fini.o)
 .ARM.attributes
                0x0000034b       0x2e /usr/lib/gcc/arm-none-eabi/14.2.0/../../../../arm-none-eabi/lib/thumb/v7e-m/nofp/libg.a(libc_a-lock.o)
 .ARM.attributes
                0x00000379       0x2e /usr/lib/gcc/arm-none-eabi/14.2.0/../../../../arm-none-eabi/lib/thumb/v7e-m/nofp/libg.a(libc_a-__atexit.o)
 .ARM.attributes
                0x000003a7       0x2e /usr/lib/gcc/arm-none-eabi/14.2.0/../../../../arm-none-eabi/lib/thumb/v7e-m/nofp/libg.a(libc_a-__call_atexit.o)
 .ARM.attributes
                0x000003d5       0x1e /usr/lib/gcc/arm-none-eabi/14.2.0/thumb/v7e-m/nofp/crtn.o
OUTPUT(exp3_exti.elf elf32-littlearm)
LOAD linker stubs
LOAD /usr/lib/gcc/arm-none-eabi/14.2.0/../../../../arm-none-eabi/lib/thumb/v7e-m/nofp/libc.a
LOAD /usr/lib/gcc/arm-none-eabi/14.2.0/../../../../arm-none-eabi/lib/thumb/v7e-m/nofp/libm.a
LOAD /usr/lib/gcc/arm-none-eabi/14.2.0/thumb/v7e-m/nofp/libgcc.a

.debug_info     0x00000000     0x877a
 .debug_info    0x00000000      0xb8b CMakeFiles/exp3_exti.elf.dir/Core/Src/gpio.c.obj
 .debug_info    0x00000b8b      0x784 CMakeFiles/exp3_exti.elf.dir/Core/Src/main.c.obj
 .debug_info    0x0000130f      0x460 CMakeFiles/exp3_exti.elf.dir/Core/Src/stm32h7xx_hal_msp.c.obj
 .debug_info    0x0000176f      0x1ed CMakeFiles/exp3_exti.elf.dir/Core/Src/stm32h7xx_it.c.obj
 .debug_info    0x0000195c      0x8bf CMakeFiles/exp3_exti.elf.dir/Core/Src/system_stm32h7xx.c.obj
 .debug_info    0x0000221b       0x30 CMakeFiles/exp3_exti.elf.dir/Core/Startup/startup_stm32h723vgtx.s.obj
 .debug_info    0x0000224b     0x1796 CMakeFiles/exp3_exti.elf.dir/Drivers/STM32H7xx_HAL_Driver/Src/stm32h7xx_hal.c.obj
 .debug_info    0x000039e1     0x1309 CMakeFiles/exp3_exti.elf.dir/Drivers/STM32H7xx_HAL_Driver/Src/stm32h7xx_hal_cortex.c.obj
 .debug_info    0x00004cea      0xc98 CMakeFiles/exp3_exti.elf.dir/Drivers/STM32H7xx_HAL_Driver/Src/stm32h7xx_hal_gpio.c.obj
 .debug_info    0x00005982      0xf22 CMakeFiles/exp3_exti.elf.dir/Drivers/STM32H7xx_HAL_Driver/Src/stm32h7xx_hal_pwr_ex.c.obj
 .debug_info    0x000068a4     0x11d0 CMakeFiles/exp3_exti.elf.dir/Drivers/STM32H7xx_HAL_Driver/Src/stm32h7xx_hal_rcc.c.obj
 .debug_info    0x00007a74       0xca /usr/lib/gcc/arm-none-eabi/14.2.0/thumb/v7e-m/nofp/libgcc.a(_arm_addsubsf3.o)
 .debug_info    0x00007b3e       0x57 /usr/lib/gcc/arm-none-eabi/14.2.0/thumb/v7e-m/nofp/libgcc.a(_arm_muldivsf3.o)
 .debug_info    0x00007b95       0x3c /usr/lib/gcc/arm-none-eabi/14.2.0/thumb/v7e-m/nofp/libgcc.a(_arm_fixunssfsi.o)
 .debug_info    0x00007bd1      0x11e /usr/lib/gcc/arm-none-eabi/14.2.0/../../../../arm-none-eabi/lib/thumb/v7e-m/nofp/libg.a(libc_a-atexit.o)
 .debug_info    0x00007cef      0x135 /usr/lib/gcc/arm-none-eabi/14.2.0/../../../../arm-none-eabi/lib/thumb/v7e-m/nofp/libg.a(libc_a-memset.o)
 .debug_info    0x00007e24      0x10b /usr/lib/gcc/arm-none-eabi/14.2.0/../../../../arm-none-eabi/lib/thumb/v7e-m/nofp/libg.a(libc_a-init.o)
 .debug_info    0x00007f2f       0xf7 /usr/lib/gcc/arm-none-eabi/14.2.0/../../../../arm-none-eabi/lib/thumb/v7e-m/nofp/libg.a(libc_a-fini.o)
 .debug_info    0x00008026      0x218 /usr/lib/gcc/arm-none-eabi/14.2.0/../../../../arm-none-eabi/lib/thumb/v7e-m/nofp/libg.a(libc_a-lock.o)
 .debug_info    0x0000823e      0x25f /usr/lib/gcc/arm-none-eabi/14.2.0/../../../../arm-none-eabi/lib/thumb/v7e-m/nofp/libg.a(libc_a-__atexit.o)
 .debug_info    0x0000849d      0x2dd /usr/lib/gcc/arm-none-eabi/14.2.0/../../../../arm-none-eabi/lib/thumb/v7e-m/nofp/libg.a(libc_a-__call_atexit.o)

.debug_abbrev   0x00000000     0x1d37
 .debug_abbrev  0x00000000      0x19f CMakeFiles/exp3_exti.elf.dir/Core/Src/gpio.c.obj
 .debug_abbrev  0x0000019f      0x244 CMakeFiles/exp3_exti.elf.dir/Core/Src/main.c.obj
 .debug_abbrev  0x000003e3       0xd9 CMakeFiles/exp3_exti.elf.dir/Core/Src/stm32h7xx_hal_msp.c.obj
 .debug_abbrev  0x000004bc       0xbb CMakeFiles/exp3_exti.elf.dir/Core/Src/stm32h7xx_it.c.obj
 .debug_abbrev  0x00000577      0x157 CMakeFiles/exp3_exti.elf.dir/Core/Src/system_stm32h7xx.c.obj
 .debug_abbrev  0x000006ce       0x24 CMakeFiles/exp3_exti.elf.dir/Core/Startup/startup_stm32h723vgtx.s.obj
 .debug_abbrev  0x000006f2      0x2c3 CMakeFiles/exp3_exti.elf.dir/Drivers/STM32H7xx_HAL_Driver/Src/stm32h7xx_hal.c.obj
 .debug_abbrev  0x000009b5      0x3ad CMakeFiles/exp3_exti.elf.dir/Drivers/STM32H7xx_HAL_Driver/Src/stm32h7xx_hal_cortex.c.obj
 .debug_abbrev  0x00000d62      0x24e CMakeFiles/exp3_exti.elf.dir/Drivers/STM32H7xx_HAL_Driver/Src/stm32h7xx_hal_gpio.c.obj
 .debug_abbrev  0x00000fb0      0x2b5 CMakeFiles/exp3_exti.elf.dir/Drivers/STM32H7xx_HAL_Driver/Src/stm32h7xx_hal_pwr_ex.c.obj
 .debug_abbrev  0x00001265      0x2a3 CMakeFiles/exp3_exti.elf.dir/Drivers/STM32H7xx_HAL_Driver/Src/stm32h7xx_hal_rcc.c.obj
 .debug_abbrev  0x00001508       0x28 /usr/lib/gcc/arm-none-eabi/14.2.0/thumb/v7e-m/nofp/libgcc.a(_arm_addsubsf3.o)
 .debug_abbrev  0x00001530       0x28 /usr/lib/gcc/arm-none-eabi/14.2.0/thumb/v7e-m/nofp/libgcc.a(_arm_muldivsf3.o)
 .debug_abbrev  0x00001558       0x28 /usr/lib/gcc/arm-none-eabi/14.2.0/thumb/v7e-m/nofp/libgcc.a(_arm_fixunssfsi.o)
 .debug_abbrev  0x00001580       0xc1 /usr/lib/gcc/arm-none-eabi/14.2.0/../../../../arm-none-eabi/lib/thumb/v7e-m/nofp/libg.a(libc_a-atexit.o)
 .debug_abbrev  0x00001641       0xb7 /usr/lib/gcc/arm-none-eabi/14.2.0/../../../../arm-none-eabi/lib/thumb/v7e-m/nofp/libg.a(libc_a-memset.o)
 .debug_abbrev  0x000016f8       0xc9 /usr/lib/gcc/arm-none-eabi/14.2.0/../../../../arm-none-eabi/lib/thumb/v7e-m/nofp/libg.a(libc_a-init.o)
 .debug_abbrev  0x000017c1       0xcc /usr/lib/gcc/arm-none-eabi/14.2.0/../../../../arm-none-eabi/lib/thumb/v7e-m/nofp/libg.a(libc_a-fini.o)
 .debug_abbrev  0x0000188d      0x115 /usr/lib/gcc/arm-none-eabi/14.2.0/../../../../arm-none-eabi/lib/thumb/v7e-m/nofp/libg.a(libc_a-lock.o)
 .debug_abbrev  0x000019a2      0x189 /usr/lib/gcc/arm-none-eabi/14.2.0/../../../../arm-none-eabi/lib/thumb/v7e-m/nofp/libg.a(libc_a-__atexit.o)
 .debug_abbrev  0x00001b2b      0x20c /usr/lib/gcc/arm-none-eabi/14.2.0/../../../../arm-none-eabi/lib/thumb/v7e-m/nofp/libg.a(libc_a-__call_atexit.o)

.debug_aranges  0x00000000      0x7c8
 .debug_aranges
                0x00000000       0x20 CMakeFiles/exp3_exti.elf.dir/Core/Src/gpio.c.obj
 .debug_aranges
                0x00000020       0x40 CMakeFiles/exp3_exti.elf.dir/Core/Src/main.c.obj
 .debug_aranges
                0x00000060       0x20 CMakeFiles/exp3_exti.elf.dir/Core/Src/stm32h7xx_hal_msp.c.obj
 .debug_aranges
                0x00000080       0x80 CMakeFiles/exp3_exti.elf.dir/Core/Src/stm32h7xx_it.c.obj
 .debug_aranges
                0x00000100       0x28 CMakeFiles/exp3_exti.elf.dir/Core/Src/system_stm32h7xx.c.obj
 .debug_aranges
                0x00000128       0x28 CMakeFiles/exp3_exti.elf.dir/Core/Startup/startup_stm32h723vgtx.s.obj
 .debug_aranges
                0x00000150      0x1c8 CMakeFiles/exp3_exti.elf.dir/Drivers/STM32H7xx_HAL_Driver/Src/stm32h7xx_hal.c.obj
 .debug_aranges
                0x00000318       0xf8 CMakeFiles/exp3_exti.elf.dir/Drivers/STM32H7xx_HAL_Driver/Src/stm32h7xx_hal_cortex.c.obj
 .debug_aranges
                0x00000410       0x58 CMakeFiles/exp3_exti.elf.dir/Drivers/STM32H7xx_HAL_Driver/Src/stm32h7xx_hal_gpio.c.obj
 .debug_aranges
                0x00000468      0x148 CMakeFiles/exp3_exti.elf.dir/Drivers/STM32H7xx_HAL_Driver/Src/stm32h7xx_hal_pwr_ex.c.obj
 .debug_aranges
                0x000005b0       0x88 CMakeFiles/exp3_exti.elf.dir/Drivers/STM32H7xx_HAL_Driver/Src/stm32h7xx_hal_rcc.c.obj
 .debug_aranges
                0x00000638       0x20 /usr/lib/gcc/arm-none-eabi/14.2.0/thumb/v7e-m/nofp/libgcc.a(_arm_addsubsf3.o)
 .debug_aranges
                0x00000658       0x20 /usr/lib/gcc/arm-none-eabi/14.2.0/thumb/v7e-m/nofp/libgcc.a(_arm_muldivsf3.o)
 .debug_aranges
                0x00000678       0x20 /usr/lib/gcc/arm-none-eabi/14.2.0/thumb/v7e-m/nofp/libgcc.a(_arm_fixunssfsi.o)
 .debug_aranges
                0x00000698       0x20 /usr/lib/gcc/arm-none-eabi/14.2.0/../../../../arm-none-eabi/lib/thumb/v7e-m/nofp/libg.a(libc_a-atexit.o)
 .debug_aranges
                0x000006b8       0x20 /usr/lib/gcc/arm-none-eabi/14.2.0/../../../../arm-none-eabi/lib/thumb/v7e-m/nofp/libg.a(libc_a-memset.o)
 .debug_aranges
                0x000006d8       0x20 /usr/lib/gcc/arm-none-eabi/14.2.0/../../../../arm-none-eabi/lib/thumb/v7e-m/nofp/libg.a(libc_a-init.o)
 .debug_aranges
                0x000006f8       0x20 /usr/lib/gcc/arm-none-eabi/14.2.0/../../../../arm-none-eabi/lib/thumb/v7e-m/nofp/libg.a(libc_a-fini.o)
 .debug_aranges
                0x00000718       0x68 /usr/lib/gcc/arm-none-eabi/14.2.0/../../../../arm-none-eabi/lib/thumb/v7e-m/nofp/libg.a(libc_a-lock.o)
 .debug_aranges
                0x00000780       0x20 /usr/lib/gcc/arm-none-eabi/14.2.0/../../../../arm-none-eabi/lib/thumb/v7e-m/nofp/libg.a(libc_a-__atexit.o)
 .debug_aranges
                0x000007a0       0x28 /usr/lib/gcc/arm-none-eabi/14.2.0/../../../../arm-none-eabi/lib/thumb/v7e-m/nofp/libg.a(libc_a-__call_atexit.o)

.debug_rnglists
                0x00000000      0x5de
 .debug_rnglists
                0x00000000       0x14 CMakeFiles/exp3_exti.elf.dir/Core/Src/gpio.c.obj
 .debug_rnglists
                0x00000014       0x2c CMakeFiles/exp3_exti.elf.dir/Core/Src/main.c.obj
 .debug_rnglists
                0x00000040       0x13 CMakeFiles/exp3_exti.elf.dir/Core/Src/stm32h7xx_hal_msp.c.obj
 .debug_rnglists
                0x00000053       0x5b CMakeFiles/exp3_exti.elf.dir/Core/Src/stm32h7xx_it.c.obj
 .debug_rnglists
                0x000000ae       0x1b CMakeFiles/exp3_exti.elf.dir/Core/Src/system_stm32h7xx.c.obj
 .debug_rnglists
                0x000000c9       0x19 CMakeFiles/exp3_exti.elf.dir/Core/Startup/startup_stm32h723vgtx.s.obj
 .debug_rnglists
                0x000000e2      0x153 CMakeFiles/exp3_exti.elf.dir/Drivers/STM32H7xx_HAL_Driver/Src/stm32h7xx_hal.c.obj
 .debug_rnglists
                0x00000235       0xb5 CMakeFiles/exp3_exti.elf.dir/Drivers/STM32H7xx_HAL_Driver/Src/stm32h7xx_hal_cortex.c.obj
 .debug_rnglists
                0x000002ea       0x3f CMakeFiles/exp3_exti.elf.dir/Drivers/STM32H7xx_HAL_Driver/Src/stm32h7xx_hal_gpio.c.obj
 .debug_rnglists
                0x00000329      0x125 CMakeFiles/exp3_exti.elf.dir/Drivers/STM32H7xx_HAL_Driver/Src/stm32h7xx_hal_pwr_ex.c.obj
 .debug_rnglists
                0x0000044e       0xa9 CMakeFiles/exp3_exti.elf.dir/Drivers/STM32H7xx_HAL_Driver/Src/stm32h7xx_hal_rcc.c.obj
 .debug_rnglists
                0x000004f7       0x13 /usr/lib/gcc/arm-none-eabi/14.2.0/../../../../arm-none-eabi/lib/thumb/v7e-m/nofp/libg.a(libc_a-atexit.o)
 .debug_rnglists
                0x0000050a       0x14 /usr/lib/gcc/arm-none-eabi/14.2.0/../../../../arm-none-eabi/lib/thumb/v7e-m/nofp/libg.a(libc_a-memset.o)
 .debug_rnglists
                0x0000051e       0x13 /usr/lib/gcc/arm-none-eabi/14.2.0/../../../../arm-none-eabi/lib/thumb/v7e-m/nofp/libg.a(libc_a-init.o)
 .debug_rnglists
                0x00000531       0x13 /usr/lib/gcc/arm-none-eabi/14.2.0/../../../../arm-none-eabi/lib/thumb/v7e-m/nofp/libg.a(libc_a-fini.o)
 .debug_rnglists
                0x00000544       0x49 /usr/lib/gcc/arm-none-eabi/14.2.0/../../../../arm-none-eabi/lib/thumb/v7e-m/nofp/libg.a(libc_a-lock.o)
 .debug_rnglists
                0x0000058d       0x14 /usr/lib/gcc/arm-none-eabi/14.2.0/../../../../arm-none-eabi/lib/thumb/v7e-m/nofp/libg.a(libc_a-__atexit.o)
 .debug_rnglists
                0x000005a1       0x3d /usr/lib/gcc/arm-none-eabi/14.2.0/../../../../arm-none-eabi/lib/thumb/v7e-m/nofp/libg.a(libc_a-__call_atexit.o)

.debug_line     0x00000000     0x51fc
 .debug_line    0x00000000      0x25b CMakeFiles/exp3_exti.elf.dir/Core/Src/gpio.c.obj
 .debug_line    0x0000025b      0x47c CMakeFiles/exp3_exti.elf.dir/Core/Src/main.c.obj
 .debug_line    0x000006d7      0x13c CMakeFiles/exp3_exti.elf.dir/Core/Src/stm32h7xx_hal_msp.c.obj
 .debug_line    0x00000813      0x260 CMakeFiles/exp3_exti.elf.dir/Core/Src/stm32h7xx_it.c.obj
 .debug_line    0x00000a73      0x3a7 CMakeFiles/exp3_exti.elf.dir/Core/Src/system_stm32h7xx.c.obj
 .debug_line    0x00000e1a       0x7a CMakeFiles/exp3_exti.elf.dir/Core/Startup/startup_stm32h723vgtx.s.obj
 .debug_line    0x00000e94      0x9a4 CMakeFiles/exp3_exti.elf.dir/Drivers/STM32H7xx_HAL_Driver/Src/stm32h7xx_hal.c.obj
 .debug_line    0x00001838      0x85b CMakeFiles/exp3_exti.elf.dir/Drivers/STM32H7xx_HAL_Driver/Src/stm32h7xx_hal_cortex.c.obj
 .debug_line    0x00002093      0x701 CMakeFiles/exp3_exti.elf.dir/Drivers/STM32H7xx_HAL_Driver/Src/stm32h7xx_hal_gpio.c.obj
 .debug_line    0x00002794      0xa64 CMakeFiles/exp3_exti.elf.dir/Drivers/STM32H7xx_HAL_Driver/Src/stm32h7xx_hal_pwr_ex.c.obj
 .debug_line    0x000031f8     0x12f1 CMakeFiles/exp3_exti.elf.dir/Drivers/STM32H7xx_HAL_Driver/Src/stm32h7xx_hal_rcc.c.obj
 .debug_line    0x000044e9      0x103 /usr/lib/gcc/arm-none-eabi/14.2.0/thumb/v7e-m/nofp/libgcc.a(_arm_addsubsf3.o)
 .debug_line    0x000045ec      0x123 /usr/lib/gcc/arm-none-eabi/14.2.0/thumb/v7e-m/nofp/libgcc.a(_arm_muldivsf3.o)
 .debug_line    0x0000470f       0x5e /usr/lib/gcc/arm-none-eabi/14.2.0/thumb/v7e-m/nofp/libgcc.a(_arm_fixunssfsi.o)
 .debug_line    0x0000476d       0xe4 /usr/lib/gcc/arm-none-eabi/14.2.0/../../../../arm-none-eabi/lib/thumb/v7e-m/nofp/libg.a(libc_a-atexit.o)
 .debug_line    0x00004851      0x1c6 /usr/lib/gcc/arm-none-eabi/14.2.0/../../../../arm-none-eabi/lib/thumb/v7e-m/nofp/libg.a(libc_a-memset.o)
 .debug_line    0x00004a17      0x134 /usr/lib/gcc/arm-none-eabi/14.2.0/../../../../arm-none-eabi/lib/thumb/v7e-m/nofp/libg.a(libc_a-init.o)
 .debug_line    0x00004b4b       0xe8 /usr/lib/gcc/arm-none-eabi/14.2.0/../../../../arm-none-eabi/lib/thumb/v7e-m/nofp/libg.a(libc_a-fini.o)
 .debug_line    0x00004c33      0x17d /usr/lib/gcc/arm-none-eabi/14.2.0/../../../../arm-none-eabi/lib/thumb/v7e-m/nofp/libg.a(libc_a-lock.o)
 .debug_line    0x00004db0      0x196 /usr/lib/gcc/arm-none-eabi/14.2.0/../../../../arm-none-eabi/lib/thumb/v7e-m/nofp/libg.a(libc_a-__atexit.o)
 .debug_line    0x00004f46      0x2b6 /usr/lib/gcc/arm-none-eabi/14.2.0/../../../../arm-none-eabi/lib/thumb/v7e-m/nofp/libg.a(libc_a-__call_atexit.o)

.debug_str      0x00000000     0x313a
 .debug_str     0x00000000     0x313a CMakeFiles/exp3_exti.elf.dir/Core/Src/gpio.c.obj
                                0xce0 (size before relaxing)
 .debug_str     0x0000313a      0x5e2 CMakeFiles/exp3_exti.elf.dir/Core/Src/main.c.obj
 .debug_str     0x0000313a      0x411 CMakeFiles/exp3_exti.elf.dir/Core/Src/stm32h7xx_hal_msp.c.obj
 .debug_str     0x0000313a      0x2d3 CMakeFiles/exp3_exti.elf.dir/Core/Src/stm32h7xx_it.c.obj
 .debug_str     0x0000313a      0x5eb CMakeFiles/exp3_exti.elf.dir/Core/Src/system_stm32h7xx.c.obj
 .debug_str     0x0000313a       0x95 CMakeFiles/exp3_exti.elf.dir/Core/Startup/startup_stm32h723vgtx.s.obj
 .debug_str     0x0000313a     0x15bb CMakeFiles/exp3_exti.elf.dir/Drivers/STM32H7xx_HAL_Driver/Src/stm32h7xx_hal.c.obj
 .debug_str     0x0000313a     0x1060 CMakeFiles/exp3_exti.elf.dir/Drivers/STM32H7xx_HAL_Driver/Src/stm32h7xx_hal_cortex.c.obj
 .debug_str     0x0000313a      0x6f5 CMakeFiles/exp3_exti.elf.dir/Drivers/STM32H7xx_HAL_Driver/Src/stm32h7xx_hal_gpio.c.obj
 .debug_str     0x0000313a      0x9d3 CMakeFiles/exp3_exti.elf.dir/Drivers/STM32H7xx_HAL_Driver/Src/stm32h7xx_hal_pwr_ex.c.obj
 .debug_str     0x0000313a      0xa1c CMakeFiles/exp3_exti.elf.dir/Drivers/STM32H7xx_HAL_Driver/Src/stm32h7xx_hal_rcc.c.obj
 .debug_str     0x0000313a      0x140 /usr/lib/gcc/arm-none-eabi/14.2.0/thumb/v7e-m/nofp/libgcc.a(_arm_addsubsf3.o)
 .debug_str     0x0000313a       0xcc /usr/lib/gcc/arm-none-eabi/14.2.0/thumb/v7e-m/nofp/libgcc.a(_arm_muldivsf3.o)
 .debug_str     0x0000313a       0xbb /usr/lib/gcc/arm-none-eabi/14.2.0/thumb/v7e-m/nofp/libgcc.a(_arm_fixunssfsi.o)
 .debug_str     0x0000313a      0x1f8 /usr/lib/gcc/arm-none-eabi/14.2.0/../../../../arm-none-eabi/lib/thumb/v7e-m/nofp/libg.a(libc_a-atexit.o)
 .debug_str     0x0000313a      0x1cf /usr/lib/gcc/arm-none-eabi/14.2.0/../../../../arm-none-eabi/lib/thumb/v7e-m/nofp/libg.a(libc_a-memset.o)
 .debug_str     0x0000313a      0x21c /usr/lib/gcc/arm-none-eabi/14.2.0/../../../../arm-none-eabi/lib/thumb/v7e-m/nofp/libg.a(libc_a-init.o)
 .debug_str     0x0000313a      0x1f2 /usr/lib/gcc/arm-none-eabi/14.2.0/../../../../arm-none-eabi/lib/thumb/v7e-m/nofp/libg.a(libc_a-fini.o)
 .debug_str     0x0000313a      0x352 /usr/lib/gcc/arm-none-eabi/14.2.0/../../../../arm-none-eabi/lib/thumb/v7e-m/nofp/libg.a(libc_a-lock.o)
 .debug_str     0x0000313a      0x2cf /usr/lib/gcc/arm-none-eabi/14.2.0/../../../../arm-none-eabi/lib/thumb/v7e-m/nofp/libg.a(libc_a-__atexit.o)
 .debug_str     0x0000313a      0x2f8 /usr/lib/gcc/arm-none-eabi/14.2.0/../../../../arm-none-eabi/lib/thumb/v7e-m/nofp/libg.a(libc_a-__call_atexit.o)

.comment        0x00000000       0x3c
 .comment       0x00000000       0x3c CMakeFiles/exp3_exti.elf.dir/Core/Src/gpio.c.obj
                                 0x1f (size before relaxing)
 .comment       0x0000003c       0x1f CMakeFiles/exp3_exti.elf.dir/Core/Src/main.c.obj
 .comment       0x0000003c       0x1f CMakeFiles/exp3_exti.elf.dir/Core/Src/stm32h7xx_hal_msp.c.obj
 .comment       0x0000003c       0x1f CMakeFiles/exp3_exti.elf.dir/Core/Src/stm32h7xx_it.c.obj
 .comment       0x0000003c       0x1f CMakeFiles/exp3_exti.elf.dir/Core/Src/system_stm32h7xx.c.obj
 .comment       0x0000003c       0x1f CMakeFiles/exp3_exti.elf.dir/Drivers/STM32H7xx_HAL_Driver/Src/stm32h7xx_hal.c.obj
 .comment       0x0000003c       0x1f CMakeFiles/exp3_exti.elf.dir/Drivers/STM32H7xx_HAL_Driver/Src/stm32h7xx_hal_cortex.c.obj
 .comment       0x0000003c       0x1f CMakeFiles/exp3_exti.elf.dir/Drivers/STM32H7xx_HAL_Driver/Src/stm32h7xx_hal_gpio.c.obj
 .comment       0x0000003c       0x1f CMakeFiles/exp3_exti.elf.dir/Drivers/STM32H7xx_HAL_Driver/Src/stm32h7xx_hal_pwr_ex.c.obj
 .comment       0x0000003c       0x1f CMakeFiles/exp3_exti.elf.dir/Drivers/STM32H7xx_HAL_Driver/Src/stm32h7xx_hal_rcc.c.obj
 .comment       0x0000003c       0x1f /usr/lib/gcc/arm-none-eabi/14.2.0/../../../../arm-none-eabi/lib/thumb/v7e-m/nofp/libg.a(libc_a-atexit.o)
 .comment       0x0000003c       0x1f /usr/lib/gcc/arm-none-eabi/14.2.0/../../../../arm-none-eabi/lib/thumb/v7e-m/nofp/libg.a(libc_a-memset.o)
 .comment       0x0000003c       0x1f /usr/lib/gcc/arm-none-eabi/14.2.0/../../../../arm-none-eabi/lib/thumb/v7e-m/nofp/libg.a(libc_a-init.o)
 .comment       0x0000003c       0x1f /usr/lib/gcc/arm-none-eabi/14.2.0/../../../../arm-none-eabi/lib/thumb/v7e-m/nofp/libg.a(libc_a-fini.o)
 .comment       0x0000003c       0x1f /usr/lib/gcc/arm-none-eabi/14.2.0/../../../../arm-none-eabi/lib/thumb/v7e-m/nofp/libg.a(libc_a-lock.o)
 .comment       0x0000003c       0x1f /usr/lib/gcc/arm-none-eabi/14.2.0/../../../../arm-none-eabi/lib/thumb/v7e-m/nofp/libg.a(libc_a-__atexit.o)
 .comment       0x0000003c       0x1f /usr/lib/gcc/arm-none-eabi/14.2.0/../../../../arm-none-eabi/lib/thumb/v7e-m/nofp/libg.a(libc_a-__call_atexit.o)

.debug_frame    0x00000000      0xfc8
 .debug_frame   0x00000000       0x3c CMakeFiles/exp3_exti.elf.dir/Core/Src/gpio.c.obj
 .debug_frame   0x0000003c       0x90 CMakeFiles/exp3_exti.elf.dir/Core/Src/main.c.obj
 .debug_frame   0x000000cc       0x28 CMakeFiles/exp3_exti.elf.dir/Core/Src/stm32h7xx_hal_msp.c.obj
 .debug_frame   0x000000f4      0x108 CMakeFiles/exp3_exti.elf.dir/Core/Src/stm32h7xx_it.c.obj
 .debug_frame   0x000001fc       0x40 CMakeFiles/exp3_exti.elf.dir/Core/Src/system_stm32h7xx.c.obj
 .debug_frame   0x0000023c      0x3c0 CMakeFiles/exp3_exti.elf.dir/Drivers/STM32H7xx_HAL_Driver/Src/stm32h7xx_hal.c.obj
 .debug_frame   0x000005fc      0x214 CMakeFiles/exp3_exti.elf.dir/Drivers/STM32H7xx_HAL_Driver/Src/stm32h7xx_hal_cortex.c.obj
 .debug_frame   0x00000810       0xd0 CMakeFiles/exp3_exti.elf.dir/Drivers/STM32H7xx_HAL_Driver/Src/stm32h7xx_hal_gpio.c.obj
 .debug_frame   0x000008e0      0x2d4 CMakeFiles/exp3_exti.elf.dir/Drivers/STM32H7xx_HAL_Driver/Src/stm32h7xx_hal_pwr_ex.c.obj
 .debug_frame   0x00000bb4      0x180 CMakeFiles/exp3_exti.elf.dir/Drivers/STM32H7xx_HAL_Driver/Src/stm32h7xx_hal_rcc.c.obj
 .debug_frame   0x00000d34       0x4c /usr/lib/gcc/arm-none-eabi/14.2.0/thumb/v7e-m/nofp/libgcc.a(_arm_addsubsf3.o)
 .debug_frame   0x00000d80       0x38 /usr/lib/gcc/arm-none-eabi/14.2.0/thumb/v7e-m/nofp/libgcc.a(_arm_muldivsf3.o)
 .debug_frame   0x00000db8       0x24 /usr/lib/gcc/arm-none-eabi/14.2.0/thumb/v7e-m/nofp/libgcc.a(_arm_fixunssfsi.o)
 .debug_frame   0x00000ddc       0x20 /usr/lib/gcc/arm-none-eabi/14.2.0/../../../../arm-none-eabi/lib/thumb/v7e-m/nofp/libg.a(libc_a-atexit.o)
 .debug_frame   0x00000dfc       0x2c /usr/lib/gcc/arm-none-eabi/14.2.0/../../../../arm-none-eabi/lib/thumb/v7e-m/nofp/libg.a(libc_a-memset.o)
 .debug_frame   0x00000e28       0x2c /usr/lib/gcc/arm-none-eabi/14.2.0/../../../../arm-none-eabi/lib/thumb/v7e-m/nofp/libg.a(libc_a-init.o)
 .debug_frame   0x00000e54       0x34 /usr/lib/gcc/arm-none-eabi/14.2.0/../../../../arm-none-eabi/lib/thumb/v7e-m/nofp/libg.a(libc_a-fini.o)
 .debug_frame   0x00000e88       0xb0 /usr/lib/gcc/arm-none-eabi/14.2.0/../../../../arm-none-eabi/lib/thumb/v7e-m/nofp/libg.a(libc_a-lock.o)
 .debug_frame   0x00000f38       0x34 /usr/lib/gcc/arm-none-eabi/14.2.0/../../../../arm-none-eabi/lib/thumb/v7e-m/nofp/libg.a(libc_a-__atexit.o)
 .debug_frame   0x00000f6c       0x5c /usr/lib/gcc/arm-none-eabi/14.2.0/../../../../arm-none-eabi/lib/thumb/v7e-m/nofp/libg.a(libc_a-__call_atexit.o)

.debug_loclists
                0x00000000     0x19b4
 .debug_loclists
                0x00000000       0x57 CMakeFiles/exp3_exti.elf.dir/Core/Src/main.c.obj
 .debug_loclists
                0x00000057      0x155 CMakeFiles/exp3_exti.elf.dir/Core/Src/system_stm32h7xx.c.obj
 .debug_loclists
                0x000001ac      0x2df CMakeFiles/exp3_exti.elf.dir/Drivers/STM32H7xx_HAL_Driver/Src/stm32h7xx_hal.c.obj
 .debug_loclists
                0x0000048b      0x50a CMakeFiles/exp3_exti.elf.dir/Drivers/STM32H7xx_HAL_Driver/Src/stm32h7xx_hal_cortex.c.obj
 .debug_loclists
                0x00000995      0x2a0 CMakeFiles/exp3_exti.elf.dir/Drivers/STM32H7xx_HAL_Driver/Src/stm32h7xx_hal_gpio.c.obj
 .debug_loclists
                0x00000c35      0x2be CMakeFiles/exp3_exti.elf.dir/Drivers/STM32H7xx_HAL_Driver/Src/stm32h7xx_hal_pwr_ex.c.obj
 .debug_loclists
                0x00000ef3      0x663 CMakeFiles/exp3_exti.elf.dir/Drivers/STM32H7xx_HAL_Driver/Src/stm32h7xx_hal_rcc.c.obj
 .debug_loclists
                0x00001556       0x30 /usr/lib/gcc/arm-none-eabi/14.2.0/../../../../arm-none-eabi/lib/thumb/v7e-m/nofp/libg.a(libc_a-atexit.o)
 .debug_loclists
                0x00001586      0x1a3 /usr/lib/gcc/arm-none-eabi/14.2.0/../../../../arm-none-eabi/lib/thumb/v7e-m/nofp/libg.a(libc_a-memset.o)
 .debug_loclists
                0x00001729       0x6f /usr/lib/gcc/arm-none-eabi/14.2.0/../../../../arm-none-eabi/lib/thumb/v7e-m/nofp/libg.a(libc_a-init.o)
 .debug_loclists
                0x00001798       0x4c /usr/lib/gcc/arm-none-eabi/14.2.0/../../../../arm-none-eabi/lib/thumb/v7e-m/nofp/libg.a(libc_a-fini.o)
 .debug_loclists
                0x000017e4       0x29 /usr/lib/gcc/arm-none-eabi/14.2.0/../../../../arm-none-eabi/lib/thumb/v7e-m/nofp/libg.a(libc_a-lock.o)
 .debug_loclists
                0x0000180d       0x8e /usr/lib/gcc/arm-none-eabi/14.2.0/../../../../arm-none-eabi/lib/thumb/v7e-m/nofp/libg.a(libc_a-__atexit.o)
 .debug_loclists
                0x0000189b      0x119 /usr/lib/gcc/arm-none-eabi/14.2.0/../../../../arm-none-eabi/lib/thumb/v7e-m/nofp/libg.a(libc_a-__call_atexit.o)

.debug_line_str
                0x00000000      0x10f
 .debug_line_str
                0x00000000      0x10f CMakeFiles/exp3_exti.elf.dir/Core/Startup/startup_stm32h723vgtx.s.obj
                                 0x7b (size before relaxing)
 .debug_line_str
                0x0000010f       0x94 /usr/lib/gcc/arm-none-eabi/14.2.0/thumb/v7e-m/nofp/libgcc.a(_arm_addsubsf3.o)
 .debug_line_str
                0x0000010f       0x94 /usr/lib/gcc/arm-none-eabi/14.2.0/thumb/v7e-m/nofp/libgcc.a(_arm_muldivsf3.o)
 .debug_line_str
                0x0000010f       0x94 /usr/lib/gcc/arm-none-eabi/14.2.0/thumb/v7e-m/nofp/libgcc.a(_arm_fixunssfsi.o)
